-- Found ament_cmake: 1.3.13 (/opt/ros/humble/share/ament_cmake/cmake)
-- Override CMake install command with custom implementation using symlinks instead of copying resources
-- Found hardware_interface: 2.53.1 (/opt/ros/humble/share/hardware_interface/cmake)
-- Found rosidl_generator_c: 3.1.8 (/opt/ros/humble/share/rosidl_generator_c/cmake)
-- Found rosidl_adapter: 3.1.8 (/opt/ros/humble/share/rosidl_adapter/cmake)
-- Found rosidl_generator_cpp: 3.1.8 (/opt/ros/humble/share/rosidl_generator_cpp/cmake)
-- Using all available rosidl_typesupport_c: rosidl_typesupport_fastrtps_c;rosidl_typesupport_introspection_c
-- Using all available rosidl_typesupport_cpp: rosidl_typesupport_fastrtps_cpp;rosidl_typesupport_introspection_cpp
-- Found rmw_implementation_cmake: 6.1.2 (/opt/ros/humble/share/rmw_implementation_cmake/cmake)
-- Found rmw_fastrtps_cpp: 6.2.10 (/opt/ros/humble/share/rmw_fastrtps_cpp/cmake)
-- Found TinyXML2 via Config file: TinyXML2_DIR-NOTFOUND
-- Found TinyXML2 via Config file: TinyXML2_DIR-NOTFOUND
-- Found TinyXML2 via Config file: TinyXML2_DIR-NOTFOUND
-- Found TinyXML2 via Config file: TinyXML2_DIR-NOTFOUND
-- Using RMW implementation 'rmw_fastrtps_cpp' as default
-- Configuring done (2.9s)
-- Generating done (0.1s)
-- Build files have been written to: /media/drive_b/anandhu/ros2_ws_apr/src/calixto-ros-bot/build/calixto-ros-bot
[100%] Built target calixto_hardware
-- Install configuration: ""
-- Execute custom install script
-- Up-to-date symlink: /media/drive_b/anandhu/ros2_ws_apr/src/calixto-ros-bot/install/calixto-ros-bot/share/calixto-ros-bot//calixto-ros-bot.xml
-- Up-to-date symlink: /media/drive_b/anandhu/ros2_ws_apr/src/calixto-ros-bot/install/calixto-ros-bot/lib/calixto-ros-bot/libcalixto_hardware.so
-- Up-to-date symlink: /media/drive_b/anandhu/ros2_ws_apr/src/calixto-ros-bot/install/calixto-ros-bot/share/calixto-ros-bot/config/bridge_config.yaml
-- Up-to-date symlink: /media/drive_b/anandhu/ros2_ws_apr/src/calixto-ros-bot/install/calixto-ros-bot/share/calixto-ros-bot/config/diffbot_controllers.yaml
-- Up-to-date symlink: /media/drive_b/anandhu/ros2_ws_apr/src/calixto-ros-bot/install/calixto-ros-bot/share/calixto-ros-bot/config/empty.yaml
-- Symlinking: /media/drive_b/anandhu/ros2_ws_apr/src/calixto-ros-bot/install/calixto-ros-bot/share/calixto-ros-bot/config/mapper_params_online_async.yaml
-- Up-to-date symlink: /media/drive_b/anandhu/ros2_ws_apr/src/calixto-ros-bot/install/calixto-ros-bot/share/calixto-ros-bot/description/build/.built_by
-- Up-to-date symlink: /media/drive_b/anandhu/ros2_ws_apr/src/calixto-ros-bot/install/calixto-ros-bot/share/calixto-ros-bot/description/build/COLCON_IGNORE
-- Up-to-date symlink: /media/drive_b/anandhu/ros2_ws_apr/src/calixto-ros-bot/install/calixto-ros-bot/share/calixto-ros-bot/description/diffbot.ros2_control.xacro
-- Up-to-date symlink: /media/drive_b/anandhu/ros2_ws_apr/src/calixto-ros-bot/install/calixto-ros-bot/share/calixto-ros-bot/description/gazebo_control.xacro
-- Up-to-date symlink: /media/drive_b/anandhu/ros2_ws_apr/src/calixto-ros-bot/install/calixto-ros-bot/share/calixto-ros-bot/description/inertial_macros.xacro
-- Up-to-date symlink: /media/drive_b/anandhu/ros2_ws_apr/src/calixto-ros-bot/install/calixto-ros-bot/share/calixto-ros-bot/description/install/.colcon_install_layout
-- Up-to-date symlink: /media/drive_b/anandhu/ros2_ws_apr/src/calixto-ros-bot/install/calixto-ros-bot/share/calixto-ros-bot/description/install/COLCON_IGNORE
-- Up-to-date symlink: /media/drive_b/anandhu/ros2_ws_apr/src/calixto-ros-bot/install/calixto-ros-bot/share/calixto-ros-bot/description/install/_local_setup_util_ps1.py
-- Up-to-date symlink: /media/drive_b/anandhu/ros2_ws_apr/src/calixto-ros-bot/install/calixto-ros-bot/share/calixto-ros-bot/description/install/_local_setup_util_sh.py
-- Up-to-date symlink: /media/drive_b/anandhu/ros2_ws_apr/src/calixto-ros-bot/install/calixto-ros-bot/share/calixto-ros-bot/description/install/local_setup.bash
-- Up-to-date symlink: /media/drive_b/anandhu/ros2_ws_apr/src/calixto-ros-bot/install/calixto-ros-bot/share/calixto-ros-bot/description/install/local_setup.ps1
-- Up-to-date symlink: /media/drive_b/anandhu/ros2_ws_apr/src/calixto-ros-bot/install/calixto-ros-bot/share/calixto-ros-bot/description/install/local_setup.sh
-- Up-to-date symlink: /media/drive_b/anandhu/ros2_ws_apr/src/calixto-ros-bot/install/calixto-ros-bot/share/calixto-ros-bot/description/install/local_setup.zsh
-- Up-to-date symlink: /media/drive_b/anandhu/ros2_ws_apr/src/calixto-ros-bot/install/calixto-ros-bot/share/calixto-ros-bot/description/install/setup.bash
-- Up-to-date symlink: /media/drive_b/anandhu/ros2_ws_apr/src/calixto-ros-bot/install/calixto-ros-bot/share/calixto-ros-bot/description/install/setup.ps1
-- Up-to-date symlink: /media/drive_b/anandhu/ros2_ws_apr/src/calixto-ros-bot/install/calixto-ros-bot/share/calixto-ros-bot/description/install/setup.sh
-- Up-to-date symlink: /media/drive_b/anandhu/ros2_ws_apr/src/calixto-ros-bot/install/calixto-ros-bot/share/calixto-ros-bot/description/install/setup.zsh
-- Symlinking: /media/drive_b/anandhu/ros2_ws_apr/src/calixto-ros-bot/install/calixto-ros-bot/share/calixto-ros-bot/description/lidar.xacro
-- Up-to-date symlink: /media/drive_b/anandhu/ros2_ws_apr/src/calixto-ros-bot/install/calixto-ros-bot/share/calixto-ros-bot/description/meshes/ROS2-Chasis-battery-grey.stl
-- Up-to-date symlink: /media/drive_b/anandhu/ros2_ws_apr/src/calixto-ros-bot/install/calixto-ros-bot/share/calixto-ros-bot/description/meshes/ROS2-Chasis-battery-holder-yellow.stl
-- Up-to-date symlink: /media/drive_b/anandhu/ros2_ws_apr/src/calixto-ros-bot/install/calixto-ros-bot/share/calixto-ros-bot/description/meshes/ROS2-Chasis-comp-holder-darkblue.stl
-- Up-to-date symlink: /media/drive_b/anandhu/ros2_ws_apr/src/calixto-ros-bot/install/calixto-ros-bot/share/calixto-ros-bot/description/meshes/ROS2-Chasis-depth-camera-black.stl
-- Up-to-date symlink: /media/drive_b/anandhu/ros2_ws_apr/src/calixto-ros-bot/install/calixto-ros-bot/share/calixto-ros-bot/description/meshes/ROS2-Chasis-depth-camera-stand-grey.stl
-- Up-to-date symlink: /media/drive_b/anandhu/ros2_ws_apr/src/calixto-ros-bot/install/calixto-ros-bot/share/calixto-ros-bot/description/meshes/ROS2-Chasis-led-holder-black.stl
-- Up-to-date symlink: /media/drive_b/anandhu/ros2_ws_apr/src/calixto-ros-bot/install/calixto-ros-bot/share/calixto-ros-bot/description/meshes/ROS2-Chasis-led-white.stl
-- Up-to-date symlink: /media/drive_b/anandhu/ros2_ws_apr/src/calixto-ros-bot/install/calixto-ros-bot/share/calixto-ros-bot/description/meshes/ROS2-Chasis-lidar-black.stl
-- Up-to-date symlink: /media/drive_b/anandhu/ros2_ws_apr/src/calixto-ros-bot/install/calixto-ros-bot/share/calixto-ros-bot/description/meshes/ROS2-Chasis-lidar-camera-holder-yellow.stl
-- Up-to-date symlink: /media/drive_b/anandhu/ros2_ws_apr/src/calixto-ros-bot/install/calixto-ros-bot/share/calixto-ros-bot/description/meshes/ROS2-Chasis-md-light-grey.stl
-- Up-to-date symlink: /media/drive_b/anandhu/ros2_ws_apr/src/calixto-ros-bot/install/calixto-ros-bot/share/calixto-ros-bot/description/meshes/ROS2-Chasis-md-stem-darkblue.stl
-- Up-to-date symlink: /media/drive_b/anandhu/ros2_ws_apr/src/calixto-ros-bot/install/calixto-ros-bot/share/calixto-ros-bot/description/meshes/ROS2-Chasis-motors-grey.stl
-- Up-to-date symlink: /media/drive_b/anandhu/ros2_ws_apr/src/calixto-ros-bot/install/calixto-ros-bot/share/calixto-ros-bot/description/meshes/ROS2-Chasis-stem-blue.stl
-- Up-to-date symlink: /media/drive_b/anandhu/ros2_ws_apr/src/calixto-ros-bot/install/calixto-ros-bot/share/calixto-ros-bot/description/meshes/ROS2-Chasis-switch-grey.stl
-- Up-to-date symlink: /media/drive_b/anandhu/ros2_ws_apr/src/calixto-ros-bot/install/calixto-ros-bot/share/calixto-ros-bot/description/meshes/ROS2-Chasis-switch-holder.stl
-- Up-to-date symlink: /media/drive_b/anandhu/ros2_ws_apr/src/calixto-ros-bot/install/calixto-ros-bot/share/calixto-ros-bot/description/meshes/ROS2-Chasis-top-and-bottom-red.stl
-- Up-to-date symlink: /media/drive_b/anandhu/ros2_ws_apr/src/calixto-ros-bot/install/calixto-ros-bot/share/calixto-ros-bot/description/meshes/ROS2-Chassis-URDF.stl
-- Up-to-date symlink: /media/drive_b/anandhu/ros2_ws_apr/src/calixto-ros-bot/install/calixto-ros-bot/share/calixto-ros-bot/description/meshes/ROS2-LEFT-URDF.stl
-- Up-to-date symlink: /media/drive_b/anandhu/ros2_ws_apr/src/calixto-ros-bot/install/calixto-ros-bot/share/calixto-ros-bot/description/meshes/ROS2-RIGHT-URDF.stl
-- Up-to-date symlink: /media/drive_b/anandhu/ros2_ws_apr/src/calixto-ros-bot/install/calixto-ros-bot/share/calixto-ros-bot/description/robot.urdf.xacro
-- Up-to-date symlink: /media/drive_b/anandhu/ros2_ws_apr/src/calixto-ros-bot/install/calixto-ros-bot/share/calixto-ros-bot/description/robot_components.xacro
-- Up-to-date symlink: /media/drive_b/anandhu/ros2_ws_apr/src/calixto-ros-bot/install/calixto-ros-bot/share/calixto-ros-bot/description/robot_core.xacro
-- Up-to-date symlink: /media/drive_b/anandhu/ros2_ws_apr/src/calixto-ros-bot/install/calixto-ros-bot/share/calixto-ros-bot/description/rviz/diffbot.rviz
-- Up-to-date symlink: /media/drive_b/anandhu/ros2_ws_apr/src/calixto-ros-bot/install/calixto-ros-bot/share/calixto-ros-bot/description/rviz/diffbot_view.rviz
-- Up-to-date symlink: /media/drive_b/anandhu/ros2_ws_apr/src/calixto-ros-bot/install/calixto-ros-bot/share/calixto-ros-bot/description/rviz/rviz_config.rviz
-- Up-to-date symlink: /media/drive_b/anandhu/ros2_ws_apr/src/calixto-ros-bot/install/calixto-ros-bot/share/calixto-ros-bot/launch/diffbot.launch.py
-- Up-to-date symlink: /media/drive_b/anandhu/ros2_ws_apr/src/calixto-ros-bot/install/calixto-ros-bot/share/calixto-ros-bot/launch/launch_sim.launch.py
-- Up-to-date symlink: /media/drive_b/anandhu/ros2_ws_apr/src/calixto-ros-bot/install/calixto-ros-bot/share/calixto-ros-bot/launch/rsp.launch.py
-- Up-to-date symlink: /media/drive_b/anandhu/ros2_ws_apr/src/calixto-ros-bot/install/calixto-ros-bot/share/calixto-ros-bot/worlds/empty.world
-- Up-to-date symlink: /media/drive_b/anandhu/ros2_ws_apr/src/calixto-ros-bot/install/calixto-ros-bot/share/calixto-ros-bot/calixto-ros-bot.xml
-- Up-to-date symlink: /media/drive_b/anandhu/ros2_ws_apr/src/calixto-ros-bot/install/calixto-ros-bot/share/ament_index/resource_index/package_run_dependencies/calixto-ros-bot
-- Up-to-date symlink: /media/drive_b/anandhu/ros2_ws_apr/src/calixto-ros-bot/install/calixto-ros-bot/share/ament_index/resource_index/parent_prefix_path/calixto-ros-bot
-- Up-to-date symlink: /media/drive_b/anandhu/ros2_ws_apr/src/calixto-ros-bot/install/calixto-ros-bot/share/calixto-ros-bot/environment/ament_prefix_path.sh
-- Up-to-date symlink: /media/drive_b/anandhu/ros2_ws_apr/src/calixto-ros-bot/install/calixto-ros-bot/share/calixto-ros-bot/environment/ament_prefix_path.dsv
-- Up-to-date symlink: /media/drive_b/anandhu/ros2_ws_apr/src/calixto-ros-bot/install/calixto-ros-bot/share/calixto-ros-bot/environment/path.sh
-- Up-to-date symlink: /media/drive_b/anandhu/ros2_ws_apr/src/calixto-ros-bot/install/calixto-ros-bot/share/calixto-ros-bot/environment/path.dsv
-- Up-to-date symlink: /media/drive_b/anandhu/ros2_ws_apr/src/calixto-ros-bot/install/calixto-ros-bot/share/calixto-ros-bot/local_setup.bash
-- Up-to-date symlink: /media/drive_b/anandhu/ros2_ws_apr/src/calixto-ros-bot/install/calixto-ros-bot/share/calixto-ros-bot/local_setup.sh
-- Up-to-date symlink: /media/drive_b/anandhu/ros2_ws_apr/src/calixto-ros-bot/install/calixto-ros-bot/share/calixto-ros-bot/local_setup.zsh
-- Up-to-date symlink: /media/drive_b/anandhu/ros2_ws_apr/src/calixto-ros-bot/install/calixto-ros-bot/share/calixto-ros-bot/local_setup.dsv
-- Symlinking: /media/drive_b/anandhu/ros2_ws_apr/src/calixto-ros-bot/install/calixto-ros-bot/share/calixto-ros-bot/package.dsv
-- Up-to-date symlink: /media/drive_b/anandhu/ros2_ws_apr/src/calixto-ros-bot/install/calixto-ros-bot/share/ament_index/resource_index/packages/calixto-ros-bot
-- Up-to-date symlink: /media/drive_b/anandhu/ros2_ws_apr/src/calixto-ros-bot/install/calixto-ros-bot/share/ament_index/resource_index/hardware_interface__pluginlib__plugin/calixto-ros-bot
-- Up-to-date symlink: /media/drive_b/anandhu/ros2_ws_apr/src/calixto-ros-bot/install/calixto-ros-bot/share/calixto-ros-bot/cmake/calixto-ros-botConfig.cmake
-- Up-to-date symlink: /media/drive_b/anandhu/ros2_ws_apr/src/calixto-ros-bot/install/calixto-ros-bot/share/calixto-ros-bot/cmake/calixto-ros-botConfig-version.cmake
-- Up-to-date symlink: /media/drive_b/anandhu/ros2_ws_apr/src/calixto-ros-bot/install/calixto-ros-bot/share/calixto-ros-bot/package.xml
