[0.066s] Invoking command in '/media/drive_b/anandhu/ros2_ws_apr/src/calixto-ros-bot/build/calixto-ros-bot': CMAKE_PREFIX_PATH=${CMAKE_PREFIX_PATH}:/opt/ros/humble _=/usr/bin/env /usr/local/bin/cmake /media/drive_b/anandhu/ros2_ws_apr/src/calixto-ros-bot -DAMENT_CMAKE_SYMLINK_INSTALL=1 -DCMAKE_INSTALL_PREFIX=/media/drive_b/anandhu/ros2_ws_apr/src/calixto-ros-bot/install/calixto-ros-bot
[0.288s] -- Found ament_cmake: 1.3.13 (/opt/ros/humble/share/ament_cmake/cmake)
[0.774s] -- Override CMake install command with custom implementation using symlinks instead of copying resources
[0.927s] -- Found hardware_interface: 2.53.1 (/opt/ros/humble/share/hardware_interface/cmake)
[1.170s] -- Found rosidl_generator_c: 3.1.8 (/opt/ros/humble/share/rosidl_generator_c/cmake)
[1.179s] -- Found rosidl_adapter: 3.1.8 (/opt/ros/humble/share/rosidl_adapter/cmake)
[1.230s] -- Found rosidl_generator_cpp: 3.1.8 (/opt/ros/humble/share/rosidl_generator_cpp/cmake)
[1.310s] -- Using all available rosidl_typesupport_c: rosidl_typesupport_fastrtps_c;rosidl_typesupport_introspection_c
[1.413s] -- Using all available rosidl_typesupport_cpp: rosidl_typesupport_fastrtps_cpp;rosidl_typesupport_introspection_cpp
[2.379s] -- Found rmw_implementation_cmake: 6.1.2 (/opt/ros/humble/share/rmw_implementation_cmake/cmake)
[2.396s] -- Found rmw_fastrtps_cpp: 6.2.10 (/opt/ros/humble/share/rmw_fastrtps_cpp/cmake)
[2.515s] -- Found TinyXML2 via Config file: TinyXML2_DIR-NOTFOUND
[2.533s] -- Found TinyXML2 via Config file: TinyXML2_DIR-NOTFOUND
[2.595s] -- Found TinyXML2 via Config file: TinyXML2_DIR-NOTFOUND
[2.613s] -- Found TinyXML2 via Config file: TinyXML2_DIR-NOTFOUND
[2.636s] -- Using RMW implementation 'rmw_fastrtps_cpp' as default
[3.097s] -- Configuring done (2.9s)
[3.185s] -- Generating done (0.1s)
[3.190s] -- Build files have been written to: /media/drive_b/anandhu/ros2_ws_apr/src/calixto-ros-bot/build/calixto-ros-bot
[3.206s] Invoked command in '/media/drive_b/anandhu/ros2_ws_apr/src/calixto-ros-bot/build/calixto-ros-bot' returned '0': CMAKE_PREFIX_PATH=${CMAKE_PREFIX_PATH}:/opt/ros/humble _=/usr/bin/env /usr/local/bin/cmake /media/drive_b/anandhu/ros2_ws_apr/src/calixto-ros-bot -DAMENT_CMAKE_SYMLINK_INSTALL=1 -DCMAKE_INSTALL_PREFIX=/media/drive_b/anandhu/ros2_ws_apr/src/calixto-ros-bot/install/calixto-ros-bot
[3.210s] Invoking command in '/media/drive_b/anandhu/ros2_ws_apr/src/calixto-ros-bot/build/calixto-ros-bot': CMAKE_PREFIX_PATH=${CMAKE_PREFIX_PATH}:/opt/ros/humble _=/usr/bin/env /usr/local/bin/cmake --build /media/drive_b/anandhu/ros2_ws_apr/src/calixto-ros-bot/build/calixto-ros-bot -- -j4 -l4
[3.323s] [100%] Built target calixto_hardware
[3.334s] Invoked command in '/media/drive_b/anandhu/ros2_ws_apr/src/calixto-ros-bot/build/calixto-ros-bot' returned '0': CMAKE_PREFIX_PATH=${CMAKE_PREFIX_PATH}:/opt/ros/humble _=/usr/bin/env /usr/local/bin/cmake --build /media/drive_b/anandhu/ros2_ws_apr/src/calixto-ros-bot/build/calixto-ros-bot -- -j4 -l4
[3.345s] Invoking command in '/media/drive_b/anandhu/ros2_ws_apr/src/calixto-ros-bot/build/calixto-ros-bot': CMAKE_PREFIX_PATH=${CMAKE_PREFIX_PATH}:/opt/ros/humble _=/usr/bin/env /usr/local/bin/cmake --install /media/drive_b/anandhu/ros2_ws_apr/src/calixto-ros-bot/build/calixto-ros-bot
[3.352s] -- Install configuration: ""
[3.353s] -- Execute custom install script
[3.377s] -- Up-to-date symlink: /media/drive_b/anandhu/ros2_ws_apr/src/calixto-ros-bot/install/calixto-ros-bot/share/calixto-ros-bot//calixto-ros-bot.xml
[3.380s] -- Up-to-date symlink: /media/drive_b/anandhu/ros2_ws_apr/src/calixto-ros-bot/install/calixto-ros-bot/lib/calixto-ros-bot/libcalixto_hardware.so
[3.381s] -- Up-to-date symlink: /media/drive_b/anandhu/ros2_ws_apr/src/calixto-ros-bot/install/calixto-ros-bot/share/calixto-ros-bot/config/bridge_config.yaml
[3.382s] -- Up-to-date symlink: /media/drive_b/anandhu/ros2_ws_apr/src/calixto-ros-bot/install/calixto-ros-bot/share/calixto-ros-bot/config/diffbot_controllers.yaml
[3.382s] -- Up-to-date symlink: /media/drive_b/anandhu/ros2_ws_apr/src/calixto-ros-bot/install/calixto-ros-bot/share/calixto-ros-bot/config/empty.yaml
[3.383s] -- Symlinking: /media/drive_b/anandhu/ros2_ws_apr/src/calixto-ros-bot/install/calixto-ros-bot/share/calixto-ros-bot/config/mapper_params_online_async.yaml
[3.391s] -- Up-to-date symlink: /media/drive_b/anandhu/ros2_ws_apr/src/calixto-ros-bot/install/calixto-ros-bot/share/calixto-ros-bot/description/build/.built_by
[3.391s] -- Up-to-date symlink: /media/drive_b/anandhu/ros2_ws_apr/src/calixto-ros-bot/install/calixto-ros-bot/share/calixto-ros-bot/description/build/COLCON_IGNORE
[3.392s] -- Up-to-date symlink: /media/drive_b/anandhu/ros2_ws_apr/src/calixto-ros-bot/install/calixto-ros-bot/share/calixto-ros-bot/description/diffbot.ros2_control.xacro
[3.392s] -- Up-to-date symlink: /media/drive_b/anandhu/ros2_ws_apr/src/calixto-ros-bot/install/calixto-ros-bot/share/calixto-ros-bot/description/gazebo_control.xacro
[3.392s] -- Up-to-date symlink: /media/drive_b/anandhu/ros2_ws_apr/src/calixto-ros-bot/install/calixto-ros-bot/share/calixto-ros-bot/description/inertial_macros.xacro
[3.393s] -- Up-to-date symlink: /media/drive_b/anandhu/ros2_ws_apr/src/calixto-ros-bot/install/calixto-ros-bot/share/calixto-ros-bot/description/install/.colcon_install_layout
[3.393s] -- Up-to-date symlink: /media/drive_b/anandhu/ros2_ws_apr/src/calixto-ros-bot/install/calixto-ros-bot/share/calixto-ros-bot/description/install/COLCON_IGNORE
[3.394s] -- Up-to-date symlink: /media/drive_b/anandhu/ros2_ws_apr/src/calixto-ros-bot/install/calixto-ros-bot/share/calixto-ros-bot/description/install/_local_setup_util_ps1.py
[3.394s] -- Up-to-date symlink: /media/drive_b/anandhu/ros2_ws_apr/src/calixto-ros-bot/install/calixto-ros-bot/share/calixto-ros-bot/description/install/_local_setup_util_sh.py
[3.395s] -- Up-to-date symlink: /media/drive_b/anandhu/ros2_ws_apr/src/calixto-ros-bot/install/calixto-ros-bot/share/calixto-ros-bot/description/install/local_setup.bash
[3.395s] -- Up-to-date symlink: /media/drive_b/anandhu/ros2_ws_apr/src/calixto-ros-bot/install/calixto-ros-bot/share/calixto-ros-bot/description/install/local_setup.ps1
[3.396s] -- Up-to-date symlink: /media/drive_b/anandhu/ros2_ws_apr/src/calixto-ros-bot/install/calixto-ros-bot/share/calixto-ros-bot/description/install/local_setup.sh
[3.396s] -- Up-to-date symlink: /media/drive_b/anandhu/ros2_ws_apr/src/calixto-ros-bot/install/calixto-ros-bot/share/calixto-ros-bot/description/install/local_setup.zsh
[3.396s] -- Up-to-date symlink: /media/drive_b/anandhu/ros2_ws_apr/src/calixto-ros-bot/install/calixto-ros-bot/share/calixto-ros-bot/description/install/setup.bash
[3.397s] -- Up-to-date symlink: /media/drive_b/anandhu/ros2_ws_apr/src/calixto-ros-bot/install/calixto-ros-bot/share/calixto-ros-bot/description/install/setup.ps1
[3.397s] -- Up-to-date symlink: /media/drive_b/anandhu/ros2_ws_apr/src/calixto-ros-bot/install/calixto-ros-bot/share/calixto-ros-bot/description/install/setup.sh
[3.398s] -- Up-to-date symlink: /media/drive_b/anandhu/ros2_ws_apr/src/calixto-ros-bot/install/calixto-ros-bot/share/calixto-ros-bot/description/install/setup.zsh
[3.398s] -- Symlinking: /media/drive_b/anandhu/ros2_ws_apr/src/calixto-ros-bot/install/calixto-ros-bot/share/calixto-ros-bot/description/lidar.xacro
[3.405s] -- Up-to-date symlink: /media/drive_b/anandhu/ros2_ws_apr/src/calixto-ros-bot/install/calixto-ros-bot/share/calixto-ros-bot/description/meshes/ROS2-Chasis-battery-grey.stl
[3.405s] -- Up-to-date symlink: /media/drive_b/anandhu/ros2_ws_apr/src/calixto-ros-bot/install/calixto-ros-bot/share/calixto-ros-bot/description/meshes/ROS2-Chasis-battery-holder-yellow.stl
[3.406s] -- Up-to-date symlink: /media/drive_b/anandhu/ros2_ws_apr/src/calixto-ros-bot/install/calixto-ros-bot/share/calixto-ros-bot/description/meshes/ROS2-Chasis-comp-holder-darkblue.stl
[3.406s] -- Up-to-date symlink: /media/drive_b/anandhu/ros2_ws_apr/src/calixto-ros-bot/install/calixto-ros-bot/share/calixto-ros-bot/description/meshes/ROS2-Chasis-depth-camera-black.stl
[3.406s] -- Up-to-date symlink: /media/drive_b/anandhu/ros2_ws_apr/src/calixto-ros-bot/install/calixto-ros-bot/share/calixto-ros-bot/description/meshes/ROS2-Chasis-depth-camera-stand-grey.stl
[3.407s] -- Up-to-date symlink: /media/drive_b/anandhu/ros2_ws_apr/src/calixto-ros-bot/install/calixto-ros-bot/share/calixto-ros-bot/description/meshes/ROS2-Chasis-led-holder-black.stl
[3.407s] -- Up-to-date symlink: /media/drive_b/anandhu/ros2_ws_apr/src/calixto-ros-bot/install/calixto-ros-bot/share/calixto-ros-bot/description/meshes/ROS2-Chasis-led-white.stl
[3.407s] -- Up-to-date symlink: /media/drive_b/anandhu/ros2_ws_apr/src/calixto-ros-bot/install/calixto-ros-bot/share/calixto-ros-bot/description/meshes/ROS2-Chasis-lidar-black.stl
[3.408s] -- Up-to-date symlink: /media/drive_b/anandhu/ros2_ws_apr/src/calixto-ros-bot/install/calixto-ros-bot/share/calixto-ros-bot/description/meshes/ROS2-Chasis-lidar-camera-holder-yellow.stl
[3.408s] -- Up-to-date symlink: /media/drive_b/anandhu/ros2_ws_apr/src/calixto-ros-bot/install/calixto-ros-bot/share/calixto-ros-bot/description/meshes/ROS2-Chasis-md-light-grey.stl
[3.409s] -- Up-to-date symlink: /media/drive_b/anandhu/ros2_ws_apr/src/calixto-ros-bot/install/calixto-ros-bot/share/calixto-ros-bot/description/meshes/ROS2-Chasis-md-stem-darkblue.stl
[3.409s] -- Up-to-date symlink: /media/drive_b/anandhu/ros2_ws_apr/src/calixto-ros-bot/install/calixto-ros-bot/share/calixto-ros-bot/description/meshes/ROS2-Chasis-motors-grey.stl
[3.409s] -- Up-to-date symlink: /media/drive_b/anandhu/ros2_ws_apr/src/calixto-ros-bot/install/calixto-ros-bot/share/calixto-ros-bot/description/meshes/ROS2-Chasis-stem-blue.stl
[3.410s] -- Up-to-date symlink: /media/drive_b/anandhu/ros2_ws_apr/src/calixto-ros-bot/install/calixto-ros-bot/share/calixto-ros-bot/description/meshes/ROS2-Chasis-switch-grey.stl
[3.410s] -- Up-to-date symlink: /media/drive_b/anandhu/ros2_ws_apr/src/calixto-ros-bot/install/calixto-ros-bot/share/calixto-ros-bot/description/meshes/ROS2-Chasis-switch-holder.stl
[3.411s] -- Up-to-date symlink: /media/drive_b/anandhu/ros2_ws_apr/src/calixto-ros-bot/install/calixto-ros-bot/share/calixto-ros-bot/description/meshes/ROS2-Chasis-top-and-bottom-red.stl
[3.411s] -- Up-to-date symlink: /media/drive_b/anandhu/ros2_ws_apr/src/calixto-ros-bot/install/calixto-ros-bot/share/calixto-ros-bot/description/meshes/ROS2-Chassis-URDF.stl
[3.412s] -- Up-to-date symlink: /media/drive_b/anandhu/ros2_ws_apr/src/calixto-ros-bot/install/calixto-ros-bot/share/calixto-ros-bot/description/meshes/ROS2-LEFT-URDF.stl
[3.412s] -- Up-to-date symlink: /media/drive_b/anandhu/ros2_ws_apr/src/calixto-ros-bot/install/calixto-ros-bot/share/calixto-ros-bot/description/meshes/ROS2-RIGHT-URDF.stl
[3.412s] -- Up-to-date symlink: /media/drive_b/anandhu/ros2_ws_apr/src/calixto-ros-bot/install/calixto-ros-bot/share/calixto-ros-bot/description/robot.urdf.xacro
[3.413s] -- Up-to-date symlink: /media/drive_b/anandhu/ros2_ws_apr/src/calixto-ros-bot/install/calixto-ros-bot/share/calixto-ros-bot/description/robot_components.xacro
[3.413s] -- Up-to-date symlink: /media/drive_b/anandhu/ros2_ws_apr/src/calixto-ros-bot/install/calixto-ros-bot/share/calixto-ros-bot/description/robot_core.xacro
[3.414s] -- Up-to-date symlink: /media/drive_b/anandhu/ros2_ws_apr/src/calixto-ros-bot/install/calixto-ros-bot/share/calixto-ros-bot/description/rviz/diffbot.rviz
[3.414s] -- Up-to-date symlink: /media/drive_b/anandhu/ros2_ws_apr/src/calixto-ros-bot/install/calixto-ros-bot/share/calixto-ros-bot/description/rviz/diffbot_view.rviz
[3.414s] -- Up-to-date symlink: /media/drive_b/anandhu/ros2_ws_apr/src/calixto-ros-bot/install/calixto-ros-bot/share/calixto-ros-bot/description/rviz/rviz_config.rviz
[3.415s] -- Up-to-date symlink: /media/drive_b/anandhu/ros2_ws_apr/src/calixto-ros-bot/install/calixto-ros-bot/share/calixto-ros-bot/launch/diffbot.launch.py
[3.415s] -- Up-to-date symlink: /media/drive_b/anandhu/ros2_ws_apr/src/calixto-ros-bot/install/calixto-ros-bot/share/calixto-ros-bot/launch/launch_sim.launch.py
[3.416s] -- Up-to-date symlink: /media/drive_b/anandhu/ros2_ws_apr/src/calixto-ros-bot/install/calixto-ros-bot/share/calixto-ros-bot/launch/rsp.launch.py
[3.425s] -- Up-to-date symlink: /media/drive_b/anandhu/ros2_ws_apr/src/calixto-ros-bot/install/calixto-ros-bot/share/calixto-ros-bot/worlds/empty.world
[3.425s] -- Up-to-date symlink: /media/drive_b/anandhu/ros2_ws_apr/src/calixto-ros-bot/install/calixto-ros-bot/share/calixto-ros-bot/calixto-ros-bot.xml
[3.426s] -- Up-to-date symlink: /media/drive_b/anandhu/ros2_ws_apr/src/calixto-ros-bot/install/calixto-ros-bot/share/ament_index/resource_index/package_run_dependencies/calixto-ros-bot
[3.427s] -- Up-to-date symlink: /media/drive_b/anandhu/ros2_ws_apr/src/calixto-ros-bot/install/calixto-ros-bot/share/ament_index/resource_index/parent_prefix_path/calixto-ros-bot
[3.439s] -- Up-to-date symlink: /media/drive_b/anandhu/ros2_ws_apr/src/calixto-ros-bot/install/calixto-ros-bot/share/calixto-ros-bot/environment/ament_prefix_path.sh
[3.446s] -- Up-to-date symlink: /media/drive_b/anandhu/ros2_ws_apr/src/calixto-ros-bot/install/calixto-ros-bot/share/calixto-ros-bot/environment/ament_prefix_path.dsv
[3.447s] -- Up-to-date symlink: /media/drive_b/anandhu/ros2_ws_apr/src/calixto-ros-bot/install/calixto-ros-bot/share/calixto-ros-bot/environment/path.sh
[3.447s] -- Up-to-date symlink: /media/drive_b/anandhu/ros2_ws_apr/src/calixto-ros-bot/install/calixto-ros-bot/share/calixto-ros-bot/environment/path.dsv
[3.448s] -- Up-to-date symlink: /media/drive_b/anandhu/ros2_ws_apr/src/calixto-ros-bot/install/calixto-ros-bot/share/calixto-ros-bot/local_setup.bash
[3.449s] -- Up-to-date symlink: /media/drive_b/anandhu/ros2_ws_apr/src/calixto-ros-bot/install/calixto-ros-bot/share/calixto-ros-bot/local_setup.sh
[3.450s] -- Up-to-date symlink: /media/drive_b/anandhu/ros2_ws_apr/src/calixto-ros-bot/install/calixto-ros-bot/share/calixto-ros-bot/local_setup.zsh
[3.450s] -- Up-to-date symlink: /media/drive_b/anandhu/ros2_ws_apr/src/calixto-ros-bot/install/calixto-ros-bot/share/calixto-ros-bot/local_setup.dsv
[3.451s] -- Symlinking: /media/drive_b/anandhu/ros2_ws_apr/src/calixto-ros-bot/install/calixto-ros-bot/share/calixto-ros-bot/package.dsv
[3.458s] -- Up-to-date symlink: /media/drive_b/anandhu/ros2_ws_apr/src/calixto-ros-bot/install/calixto-ros-bot/share/ament_index/resource_index/packages/calixto-ros-bot
[3.459s] -- Up-to-date symlink: /media/drive_b/anandhu/ros2_ws_apr/src/calixto-ros-bot/install/calixto-ros-bot/share/ament_index/resource_index/hardware_interface__pluginlib__plugin/calixto-ros-bot
[3.470s] -- Up-to-date symlink: /media/drive_b/anandhu/ros2_ws_apr/src/calixto-ros-bot/install/calixto-ros-bot/share/calixto-ros-bot/cmake/calixto-ros-botConfig.cmake
[3.471s] -- Up-to-date symlink: /media/drive_b/anandhu/ros2_ws_apr/src/calixto-ros-bot/install/calixto-ros-bot/share/calixto-ros-bot/cmake/calixto-ros-botConfig-version.cmake
[3.471s] -- Up-to-date symlink: /media/drive_b/anandhu/ros2_ws_apr/src/calixto-ros-bot/install/calixto-ros-bot/share/calixto-ros-bot/package.xml
[3.475s] Invoked command in '/media/drive_b/anandhu/ros2_ws_apr/src/calixto-ros-bot/build/calixto-ros-bot' returned '0': CMAKE_PREFIX_PATH=${CMAKE_PREFIX_PATH}:/opt/ros/humble _=/usr/bin/env /usr/local/bin/cmake --install /media/drive_b/anandhu/ros2_ws_apr/src/calixto-ros-bot/build/calixto-ros-bot
